// Jest Snapshot v1, https://goo.gl/fbAQLP

exports[`header should render 1`] = `
<DocumentFragment>
  <div
    class="Header"
  >
    <div
      class="Header-title"
    >
      Fides Sample App
    </div>
    <div
      class="Header-navigation"
    >
      <a
        class="Header-link Header-selectedLink"
        href="/"
      >
        Movies
      </a>
      <a
        class="Header-link"
        href="/favourites"
      >
        Favourites
      </a>
      <a
        class="Header-link"
        href="/about"
      >
        About
      </a>
    </div>
  </div>
</DocumentFragment>
`;
