// Jest Snapshot v1, https://goo.gl/fbAQLP

exports[`router should render 1`] = `
<DocumentFragment>
  <div>
    movies-page
  </div>
</DocumentFragment>
`;
