// Jest Snapshot v1, https://goo.gl/fbAQLP

exports[`app should render 1`] = `
<DocumentFragment>
  <div
    class="App"
  >
    Test
  </div>
</DocumentFragment>
`;
